// Jest Snapshot v1, https://goo.gl/fbAQLP

exports[`Card matches existing snapshot 1`] = `
<div
  className="card"
>
  <p
    className="card__content"
  >
    yummy
  </p>
  <Emoji
    chars="pizza"
  />
  <button
    className="card__delete"
    onClick={[Function]}
    type="button"
  >
    x
  </button>
</div>
`;
