// Jest Snapshot v1, https://goo.gl/fbAQLP

exports[`NewCardForm matches existing snapshot 1`] = `
<form
  className="new-card-form"
  onSubmit={[Function]}
>
  <p
    className="new-card-form__header"
  >
    Add a Note
  </p>
  <section
    className="new-card-form__form"
  >
    <div>
      <label
        className="new-card-form__form-label"
        htmlFor="text"
      >
        Text:
      </label>
      <input
        name="text"
        onChange={[Function]}
        value=""
      />
    </div>
    <div>
      <label
        className="new-card-form__form-label"
        htmlFor="emoji"
      >
        Emoji:
      </label>
      <input
        name="emoji"
        onChange={[Function]}
        value=""
      />
    </div>
    <input
      className="new-card-form__form-button"
      name="submit"
      type="submit"
      value="Create New Note"
    />
  </section>
</form>
`;
